// Jest Snapshot v1, https://goo.gl/fbAQLP

exports[`renders correctly 1`] = `
<form
  onSubmit={[Function]}
>
  <div />
  <button
    type="submit"
  >
    Iban Pay
  </button>
</form>
`;
